
Memory Configuration

Name             Origin             Length             Attributes
flash            0x00000000         0x20000000         xr
sram             0x20000000         0x20000000         xrw
*default*        0x00000000         0xffffffff

Linker script and memory map


.text           0x00000000       0xf4
 *(.vectors*)
 .vectors       0x00000000       0x1c startup.o
                0x00000000                vectors
 *(.text*)
 .text          0x0000001c       0x90 main.o
                0x0000001c                main
 .text          0x000000ac       0x48 startup.o
                0x000000ac                Reset_Handler
                0x000000b8                NMI_Handler
                0x000000c4                H_fault_Handler
                0x000000d0                MM_Fault_Handler
                0x000000dc                Bus_Fault
                0x000000e8                Usage_Fault_Handler
 *(.rodata)
                0x000000f4                _E_text = .

.glue_7         0x000000f4        0x0
 .glue_7        0x000000f4        0x0 linker stubs

.glue_7t        0x000000f4        0x0
 .glue_7t       0x000000f4        0x0 linker stubs

.vfp11_veneer   0x000000f4        0x0
 .vfp11_veneer  0x000000f4        0x0 linker stubs

.v4_bx          0x000000f4        0x0
 .v4_bx         0x000000f4        0x0 linker stubs

.iplt           0x000000f4        0x0
 .iplt          0x000000f4        0x0 main.o

.rel.dyn        0x000000f4        0x0
 .rel.iplt      0x000000f4        0x0 main.o

.data           0x20000000        0x0 load address 0x000000f4
                0x20000000                _S_DATA = .
 *(.data)
 .data          0x20000000        0x0 main.o
 .data          0x20000000        0x0 startup.o
                0x20000000                . = ALIGN (0x4)
                0x20000000                _E_DATA = .

.igot.plt       0x20000000        0x0 load address 0x000000f4
 .igot.plt      0x20000000        0x0 main.o

.bss            0x20000000        0x0 load address 0x000000f4
                0x20000000                _S_bss = .
 *(.bss)
 .bss           0x20000000        0x0 main.o
 .bss           0x20000000        0x0 startup.o
                0x20000000                _E_bss = .
LOAD main.o
LOAD startup.o
OUTPUT(unit3_lab4_cortexM4.elf elf32-littlearm)

.debug_info     0x00000000      0xad0
 .debug_info    0x00000000      0x99e main.o
 .debug_info    0x0000099e      0x132 startup.o

.debug_abbrev   0x00000000      0x228
 .debug_abbrev  0x00000000      0x18c main.o
 .debug_abbrev  0x0000018c       0x9c startup.o

.debug_loc      0x00000000      0x140
 .debug_loc     0x00000000       0x38 main.o
 .debug_loc     0x00000038      0x108 startup.o

.debug_aranges  0x00000000       0x40
 .debug_aranges
                0x00000000       0x20 main.o
 .debug_aranges
                0x00000020       0x20 startup.o

.debug_line     0x00000000      0x26a
 .debug_line    0x00000000      0x14b main.o
 .debug_line    0x0000014b      0x11f startup.o

.debug_str      0x00000000      0x529
 .debug_str     0x00000000      0x4b3 main.o
                                0x50b (size before relaxing)
 .debug_str     0x000004b3       0x76 startup.o
                                0x18a (size before relaxing)

.comment        0x00000000       0x7e
 .comment       0x00000000       0x7e main.o
                                 0x7f (size before relaxing)
 .comment       0x0000007e       0x7f startup.o

.ARM.attributes
                0x00000000       0x33
 .ARM.attributes
                0x00000000       0x33 main.o
 .ARM.attributes
                0x00000033       0x33 startup.o

.debug_frame    0x00000000       0xe4
 .debug_frame   0x00000000       0x2c main.o
 .debug_frame   0x0000002c       0xb8 startup.o
